// Jest Snapshot v1, https://goo.gl/fbAQLP

exports[`renders correctly 1`] = `
<div>
  <div
    className="menu"
  >
    <h1>
      Food Menu
    </h1>
    <nav
      className="food-nav"
    >
      <div>
        <button
          className="food-addbtn"
          onClick={[Function]}
          type="button"
        >
          + Food
        </button>
      </div>
    </nav>
  </div>
  <div>
    <form
      className="card"
    >
      <div
        className="card-body"
      >
        <img
          alt="product1-img"
          className="card-img"
          src="product1.jpg"
        />
        <h2
          className="card-title"
        >
          Caesar Salad
        </h2>
        <p
          className="card-description"
        >
          Crispy fresh romaine lettuce and croutons dressed with fresh lemon juice, olive oil, and parmesan cheese.
        </p>
        <div
          className="card-bottom"
        >
          <p
            className="card-price"
          >
            $4.99
          </p>
          <button
            className="card-edit"
            onClick={[Function]}
          >
            Edit
          </button>
          <button
            className="card-delete"
            onClick={[Function]}
          >
            Delete
          </button>
        </div>
      </div>
      <div
        className="card-body"
      >
        <img
          alt="product2-img"
          className="card-img"
          src="product2.jpg"
        />
        <h2
          className="card-title"
        >
          Pepper-Crusted Sirloin & Whole Grains
        </h2>
        <p
          className="card-description"
        >
          Served with spinach, mushrooms and tomatoes, it seems to be the most well-rounded meal.
        </p>
        <div
          className="card-bottom"
        >
          <p
            className="card-price"
          >
            $12.99
          </p>
          <button
            className="card-edit"
            onClick={[Function]}
          >
            Edit
          </button>
          <button
            className="card-delete"
            onClick={[Function]}
          >
            Delete
          </button>
        </div>
      </div>
      <div
        className="card-body"
      >
        <img
          alt="product3-img"
          className="card-img"
          src="product3.jpg"
        />
        <h2
          className="card-title"
        >
          Buffalo Chicken Wings
        </h2>
        <p
          className="card-description"
        >
          Tradition chicken wings drenched in buffalo hot sauce with a side of ranch and french fries.
        </p>
        <div
          className="card-bottom"
        >
          <p
            className="card-price"
          >
            $8.99
          </p>
          <button
            className="card-edit"
            onClick={[Function]}
          >
            Edit
          </button>
          <button
            className="card-delete"
            onClick={[Function]}
          >
            Delete
          </button>
        </div>
      </div>
      <div
        className="card-body"
      >
        <img
          alt="product4-img"
          className="card-img"
          src="product4.jpg"
        />
        <h2
          className="card-title"
        >
          Banh Mi Bowl
        </h2>
        <p
          className="card-description"
        >
          Tops quinoa and baby kale with grilled chicken, watermelon radishes, avocado, cucumbers, carrots, bean sprouts, scallions, cilantro, mint and sesame seeds.
        </p>
        <div
          className="card-bottom"
        >
          <p
            className="card-price"
          >
            $9.99
          </p>
          <button
            className="card-edit"
            onClick={[Function]}
          >
            Edit
          </button>
          <button
            className="card-delete"
            onClick={[Function]}
          >
            Delete
          </button>
        </div>
      </div>
      <div
        className="card-body"
      >
        <img
          alt="product5-img"
          className="card-img"
          src="product5.jpg"
        />
        <h2
          className="card-title"
        >
          Grilled Chicken Cool Wrap
        </h2>
        <p
          className="card-description"
        >
          The chicken is layered with cheese, lettuce, red cabbage and carrots, and the wrap is a super-high fiber flatbread.
        </p>
        <div
          className="card-bottom"
        >
          <p
            className="card-price"
          >
            $6.99
          </p>
          <button
            className="card-edit"
            onClick={[Function]}
          >
            Edit
          </button>
          <button
            className="card-delete"
            onClick={[Function]}
          >
            Delete
          </button>
        </div>
      </div>
      <div
        className="card-body"
      >
        <img
          alt="product6-img"
          className="card-img"
          src="product6.jpg"
        />
        <h2
          className="card-title"
        >
          Chipotle Steak Tacos
        </h2>
        <p
          className="card-description"
        >
          Steak, black or pinto beans, brown rice and fajita veggies, fresh tomato salsa, guacamole and lettuce.
        </p>
        <div
          className="card-bottom"
        >
          <p
            className="card-price"
          >
            $6.99
          </p>
          <button
            className="card-edit"
            onClick={[Function]}
          >
            Edit
          </button>
          <button
            className="card-delete"
            onClick={[Function]}
          >
            Delete
          </button>
        </div>
      </div>
      <div
        className="card-body"
      >
        <img
          alt="product7-img"
          className="card-img"
          src="product7.jpg"
        />
        <h2
          className="card-title"
        >
          Herb Smoked Salmon
        </h2>
        <p
          className="card-description"
        >
          salmon and order the steamed asparagus or chargrilled mixed vegetables and a plain baked potato as sides.
        </p>
        <div
          className="card-bottom"
        >
          <p
            className="card-price"
          >
            $13.99
          </p>
          <button
            className="card-edit"
            onClick={[Function]}
          >
            Edit
          </button>
          <button
            className="card-delete"
            onClick={[Function]}
          >
            Delete
          </button>
        </div>
      </div>
      <div
        className="card-body"
      >
        <img
          alt="product8-img"
          className="card-img"
          src="product8.jpg"
        />
        <h2
          className="card-title"
        >
          Center-Cut Sirloin
        </h2>
        <p
          className="card-description"
        >
          Temperature cooked as medium rare cooked with fresh herb and spices to give the best flavor.
        </p>
        <div
          className="card-bottom"
        >
          <p
            className="card-price"
          >
            $19.99
          </p>
          <button
            className="card-edit"
            onClick={[Function]}
          >
            Edit
          </button>
          <button
            className="card-delete"
            onClick={[Function]}
          >
            Delete
          </button>
        </div>
      </div>
      <div
        className="card-body"
      >
        <img
          alt="product9-img"
          className="card-img"
          src="product9.jpg"
        />
        <h2
          className="card-title"
        >
          Snow Crab Legs
        </h2>
        <p
          className="card-description"
        >
          Snow crab legs comes with a side of corn, broccoli, asparagus and wild rice, garden salad, or Corona Extra.
        </p>
        <div
          className="card-bottom"
        >
          <p
            className="card-price"
          >
            $24.99
          </p>
          <button
            className="card-edit"
            onClick={[Function]}
          >
            Edit
          </button>
          <button
            className="card-delete"
            onClick={[Function]}
          >
            Delete
          </button>
        </div>
      </div>
      <div
        className="card-body"
      >
        <img
          alt="product10-img"
          className="card-img"
          src="product10.jpg"
        />
        <h2
          className="card-title"
        >
          Loaded Veggie Omelette
        </h2>
        <p
          className="card-description"
        >
          Egg white omelette that is stuffed with zucchini, mushrooms, tomatoes and onions and served with fruit and an English muffin.
        </p>
        <div
          className="card-bottom"
        >
          <p
            className="card-price"
          >
            $9.99
          </p>
          <button
            className="card-edit"
            onClick={[Function]}
          >
            Edit
          </button>
          <button
            className="card-delete"
            onClick={[Function]}
          >
            Delete
          </button>
        </div>
      </div>
    </form>
  </div>
</div>
`;

exports[`renders correctly 2`] = `
<div>
  <div
    className="menu"
  >
    <h1>
      Food Menu
    </h1>
    <nav
      className="food-nav"
    >
      <div>
        <button
          className="food-addbtn"
          onClick={[Function]}
          type="button"
        >
          + Food
        </button>
      </div>
    </nav>
  </div>
  <div>
    <form
      className="card"
    >
      <div
        className="card-body"
      >
        <img
          alt="product1-img"
          className="card-img"
          src="product1.jpg"
        />
        <h2
          className="card-title"
        >
          Caesar Salad
        </h2>
        <p
          className="card-description"
        >
          Crispy fresh romaine lettuce and croutons dressed with fresh lemon juice, olive oil, and parmesan cheese.
        </p>
        <div
          className="card-bottom"
        >
          <p
            className="card-price"
          >
            $4.99
          </p>
          <button
            className="card-edit"
            onClick={[Function]}
          >
            Edit
          </button>
          <button
            className="card-delete"
            onClick={[Function]}
          >
            Delete
          </button>
        </div>
      </div>
      <div
        className="card-body"
      >
        <img
          alt="product2-img"
          className="card-img"
          src="product2.jpg"
        />
        <h2
          className="card-title"
        >
          Pepper-Crusted Sirloin & Whole Grains
        </h2>
        <p
          className="card-description"
        >
          Served with spinach, mushrooms and tomatoes, it seems to be the most well-rounded meal.
        </p>
        <div
          className="card-bottom"
        >
          <p
            className="card-price"
          >
            $12.99
          </p>
          <button
            className="card-edit"
            onClick={[Function]}
          >
            Edit
          </button>
          <button
            className="card-delete"
            onClick={[Function]}
          >
            Delete
          </button>
        </div>
      </div>
      <div
        className="card-body"
      >
        <img
          alt="product3-img"
          className="card-img"
          src="product3.jpg"
        />
        <h2
          className="card-title"
        >
          Buffalo Chicken Wings
        </h2>
        <p
          className="card-description"
        >
          Tradition chicken wings drenched in buffalo hot sauce with a side of ranch and french fries.
        </p>
        <div
          className="card-bottom"
        >
          <p
            className="card-price"
          >
            $8.99
          </p>
          <button
            className="card-edit"
            onClick={[Function]}
          >
            Edit
          </button>
          <button
            className="card-delete"
            onClick={[Function]}
          >
            Delete
          </button>
        </div>
      </div>
      <div
        className="card-body"
      >
        <img
          alt="product4-img"
          className="card-img"
          src="product4.jpg"
        />
        <h2
          className="card-title"
        >
          Banh Mi Bowl
        </h2>
        <p
          className="card-description"
        >
          Tops quinoa and baby kale with grilled chicken, watermelon radishes, avocado, cucumbers, carrots, bean sprouts, scallions, cilantro, mint and sesame seeds.
        </p>
        <div
          className="card-bottom"
        >
          <p
            className="card-price"
          >
            $9.99
          </p>
          <button
            className="card-edit"
            onClick={[Function]}
          >
            Edit
          </button>
          <button
            className="card-delete"
            onClick={[Function]}
          >
            Delete
          </button>
        </div>
      </div>
      <div
        className="card-body"
      >
        <img
          alt="product5-img"
          className="card-img"
          src="product5.jpg"
        />
        <h2
          className="card-title"
        >
          Grilled Chicken Cool Wrap
        </h2>
        <p
          className="card-description"
        >
          The chicken is layered with cheese, lettuce, red cabbage and carrots, and the wrap is a super-high fiber flatbread.
        </p>
        <div
          className="card-bottom"
        >
          <p
            className="card-price"
          >
            $6.99
          </p>
          <button
            className="card-edit"
            onClick={[Function]}
          >
            Edit
          </button>
          <button
            className="card-delete"
            onClick={[Function]}
          >
            Delete
          </button>
        </div>
      </div>
      <div
        className="card-body"
      >
        <img
          alt="product6-img"
          className="card-img"
          src="product6.jpg"
        />
        <h2
          className="card-title"
        >
          Chipotle Steak Tacos
        </h2>
        <p
          className="card-description"
        >
          Steak, black or pinto beans, brown rice and fajita veggies, fresh tomato salsa, guacamole and lettuce.
        </p>
        <div
          className="card-bottom"
        >
          <p
            className="card-price"
          >
            $6.99
          </p>
          <button
            className="card-edit"
            onClick={[Function]}
          >
            Edit
          </button>
          <button
            className="card-delete"
            onClick={[Function]}
          >
            Delete
          </button>
        </div>
      </div>
      <div
        className="card-body"
      >
        <img
          alt="product7-img"
          className="card-img"
          src="product7.jpg"
        />
        <h2
          className="card-title"
        >
          Herb Smoked Salmon
        </h2>
        <p
          className="card-description"
        >
          salmon and order the steamed asparagus or chargrilled mixed vegetables and a plain baked potato as sides.
        </p>
        <div
          className="card-bottom"
        >
          <p
            className="card-price"
          >
            $13.99
          </p>
          <button
            className="card-edit"
            onClick={[Function]}
          >
            Edit
          </button>
          <button
            className="card-delete"
            onClick={[Function]}
          >
            Delete
          </button>
        </div>
      </div>
      <div
        className="card-body"
      >
        <img
          alt="product8-img"
          className="card-img"
          src="product8.jpg"
        />
        <h2
          className="card-title"
        >
          Center-Cut Sirloin
        </h2>
        <p
          className="card-description"
        >
          Temperature cooked as medium rare cooked with fresh herb and spices to give the best flavor.
        </p>
        <div
          className="card-bottom"
        >
          <p
            className="card-price"
          >
            $19.99
          </p>
          <button
            className="card-edit"
            onClick={[Function]}
          >
            Edit
          </button>
          <button
            className="card-delete"
            onClick={[Function]}
          >
            Delete
          </button>
        </div>
      </div>
      <div
        className="card-body"
      >
        <img
          alt="product9-img"
          className="card-img"
          src="product9.jpg"
        />
        <h2
          className="card-title"
        >
          Snow Crab Legs
        </h2>
        <p
          className="card-description"
        >
          Snow crab legs comes with a side of corn, broccoli, asparagus and wild rice, garden salad, or Corona Extra.
        </p>
        <div
          className="card-bottom"
        >
          <p
            className="card-price"
          >
            $24.99
          </p>
          <button
            className="card-edit"
            onClick={[Function]}
          >
            Edit
          </button>
          <button
            className="card-delete"
            onClick={[Function]}
          >
            Delete
          </button>
        </div>
      </div>
      <div
        className="card-body"
      >
        <img
          alt="product10-img"
          className="card-img"
          src="product10.jpg"
        />
        <h2
          className="card-title"
        >
          Loaded Veggie Omelette
        </h2>
        <p
          className="card-description"
        >
          Egg white omelette that is stuffed with zucchini, mushrooms, tomatoes and onions and served with fruit and an English muffin.
        </p>
        <div
          className="card-bottom"
        >
          <p
            className="card-price"
          >
            $9.99
          </p>
          <button
            className="card-edit"
            onClick={[Function]}
          >
            Edit
          </button>
          <button
            className="card-delete"
            onClick={[Function]}
          >
            Delete
          </button>
        </div>
      </div>
    </form>
  </div>
</div>
`;
